A51 MACRO ASSEMBLER  PUSHBUTTON                                                           04/16/2025 09:48:01 PAGE     1


MACRO ASSEMBLER A51 V8.2.7.0
OBJECT MODULE PLACED IN .\Objects\Pushbutton.obj
ASSEMBLER INVOKED BY: C:\Keil_v5\C51\BIN\A51.EXE Pushbutton.a51 SET(SMALL) DEBUG PRINT(.\Listings\Pushbutton.lst) OBJECT
                      (.\Objects\Pushbutton.obj) EP

LOC  OBJ            LINE     SOURCE

0000                   1     ORG 0000H         ; Reset vector
0000 020006            2     LJMP MAIN         ; Jump to main program
                       3     
0003                   4     ORG 0003H         ; External Interrupt 0 vector (INT0)
0003 020013            5     LJMP ISR_INT0     ; Jump to Interrupt Service Routine
                       6     
                       7     
0006                   8     MAIN:
0006 759000            9         MOV P1, #00H      ; Clear Port 1 (LED off)
0009 D2AF             10         SETB IE.7         ; Enable global interrupts (EA)
000B D2A8             11         SETB IE.0         ; Enable External Interrupt 0 (EX0)
000D C288             12         CLR TCON.0        ; Trigger INT0 on low level (can use SETB for edge)
000F C289             13         CLR TCON.1        ; Level-triggered (or use SETB for edge-triggered)
                      14     
0011                  15     WAIT_LOOP:
0011 80FE             16         SJMP WAIT_LOOP    ; wait for interrupt
                      17     
                      18     
0013                  19     ISR_INT0:
0013 B290             20         CPL P1.0          ; Toggle LED connected to P1.0
0015 32               21         RETI              ; Return from interrupt
                      22     
                      23     END
A51 MACRO ASSEMBLER  PUSHBUTTON                                                           04/16/2025 09:48:01 PAGE     2

SYMBOL TABLE LISTING
------ ----- -------


N A M E             T Y P E  V A L U E   ATTRIBUTES

IE . . . . . . . .  D ADDR   00A8H   A   
ISR_INT0 . . . . .  C ADDR   0013H   A   
MAIN . . . . . . .  C ADDR   0006H   A   
P1 . . . . . . . .  D ADDR   0090H   A   
TCON . . . . . . .  D ADDR   0088H   A   
WAIT_LOOP. . . . .  C ADDR   0011H   A   


REGISTER BANK(S) USED: 0 


ASSEMBLY COMPLETE.  0 WARNING(S), 0 ERROR(S)
